// Jest Snapshot v1, https://goo.gl/fbAQLP

exports[`pruebas en el <DeleteEventFab/> debe de mostrarse correctamente 1`] = `
<button
  className="btn btn-outline-danger fab-danger"
  onClick={[Function]}
>
  <i
    className="fas fa-trash"
  />
  <span>
     Eliminar Evento
  </span>
</button>
`;
